../Middlewares/Third_Party/LwIP/src/core/udp.c:88:1:udp_init	8	static
../Middlewares/Third_Party/LwIP/src/core/udp.c:101:1:udp_new_port	16	static
../Middlewares/Third_Party/LwIP/src/core/udp.c:131:1:udp_input_local_match	24	static
../Middlewares/Third_Party/LwIP/src/core/udp.c:195:1:udp_input	64	static
../Middlewares/Third_Party/LwIP/src/core/udp.c:468:1:udp_send	16	static
../Middlewares/Third_Party/LwIP/src/core/udp.c:521:1:udp_sendto	40	static
../Middlewares/Third_Party/LwIP/src/core/udp.c:629:1:udp_sendto_if	40	static
../Middlewares/Third_Party/LwIP/src/core/udp.c:704:1:udp_sendto_if_src	56	static
../Middlewares/Third_Party/LwIP/src/core/udp.c:937:1:udp_bind	32	static
../Middlewares/Third_Party/LwIP/src/core/udp.c:1047:1:udp_bind_netif	16	static
../Middlewares/Third_Party/LwIP/src/core/udp.c:1076:1:udp_connect	32	static
../Middlewares/Third_Party/LwIP/src/core/udp.c:1131:1:udp_disconnect	16	static
../Middlewares/Third_Party/LwIP/src/core/udp.c:1163:1:udp_recv	24	static
../Middlewares/Third_Party/LwIP/src/core/udp.c:1184:1:udp_remove	24	static
../Middlewares/Third_Party/LwIP/src/core/udp.c:1223:1:udp_new	16	static
../Middlewares/Third_Party/LwIP/src/core/udp.c:1260:1:udp_new_ip_type	24	static
../Middlewares/Third_Party/LwIP/src/core/udp.c:1283:6:udp_netif_ip_addr_changed	24	static
