../Core/Src/ptp_comp.h:23:13:print_deltatime_ts	1
../Core/Src/ptp_comp.h:42:13:print_deltatime	3
../Core/Src/ptp_comp.h:54:22:toDeltaTimeType	1
../Core/Src/ptp_comp.h:60:15:compute_skew_deltatime	1
../Core/Src/ptp_comp.h:68:22:compute_pathdelay_deltatime	2
../Core/Src/ptp_comp.h:77:22:compute_offset_Henrik_deltatime	1
../Core/Src/ptp_comp.h:83:22:compute_offset_website_deltatime	2
../Core/Src/ptp_comp.h:90:22:compute_t1	1
../Core/Src/ptp_comp.h:97:12:is_deltatime_ts_valid	3
../Core/Src/ptp_comp.h:102:13:example	1
../Core/Src/ptp_comp.h:133:13:compute_all_metrics	1
../Core/Src/udp_ptp.h:30:13:handle_end_ptp_exchange	2
../Core/Src/udp_ptp.h:50:22:get_dt_time_from_msg	2
../Core/Src/udp_ptp.h:63:13:print_payload	2
../Core/Src/udp_ptp.h:70:13:send_delay_req	1
../Core/Src/udp_ptp.h:97:13:handle_udp_ptp_sync	3
../Core/Src/udp_ptp.h:123:13:handle_udp_ptp	4
../Core/Src/main.c:90:6:usb_printf	3
../Core/Src/main.c:136:13:ptp_sync_fn	3
../Core/Src/main.c:152:13:ws_client_fn	5
../Core/Src/main.c:182:13:http_fn	8
../Core/Src/main.c:362:5:main	1
../Core/Src/main.c:440:6:SystemClock_Config	4
../Core/Src/main.c:496:13:MX_RTC_Init	2
../Core/Src/main.c:529:13:MX_USART3_UART_Init	2
../Core/Src/main.c:562:13:MX_GPIO_Init	1
../Core/Src/main.c:625:6:StartMongooseTask	7
../Core/Src/main.c:752:6:StartHandlePTPTask	1
../Core/Src/main.c:770:6:HAL_TIM_PeriodElapsedCallback	2
../Core/Src/main.c:786:6:Error_Handler	1
