../Core/Src/udp_ptp.h:45:13:convert_to_ETH_TimeStamp	16	static
../Core/Src/udp_ptp.h:51:20:get_time_from_msg	40	static
../Core/Src/udp_ptp.h:71:13:print_time	24	static
../Core/Src/udp_ptp.h:78:13:print_timestamp	16	static
../Core/Src/udp_ptp.h:83:13:print_payload	24	static
../Core/Src/udp_ptp.h:90:13:send_delay_req	40	static
../Core/Src/udp_ptp.h:119:13:handle_udp_ptp_sync	32	static
../Core/Src/udp_ptp.h:143:13:handle_udp_ptp	56	static
../Core/Src/udp_ptp.h:178:12:compare_ETH_TimeStamps	16	static
../Core/Src/udp_ptp.h:187:13:handle_end_ptp_exchange	16	static
../Core/Src/main.c:90:6:usb_printf	272	static
../Core/Src/main.c:136:13:ptp_sync_fn	24	static
../Core/Src/main.c:152:13:ws_client_fn	40	static
../Core/Src/main.c:182:13:http_fn	80	static
../Core/Src/main.c:362:5:main	72	static
../Core/Src/main.c:440:6:SystemClock_Config	88	static
../Core/Src/main.c:496:13:MX_RTC_Init	8	static
../Core/Src/main.c:529:13:MX_USART3_UART_Init	8	static
../Core/Src/main.c:562:13:MX_GPIO_Init	56	static
../Core/Src/main.c:625:6:StartMongooseTask	192	static
../Core/Src/main.c:752:6:StartHandlePTPTask	16	static
../Core/Src/main.c:770:6:HAL_TIM_PeriodElapsedCallback	16	static
../Core/Src/main.c:786:6:Error_Handler	4	static,ignoring_inline_asm
