../Core/Src/ptp_comp.h:23:13:print_deltatime_ts	24	static
../Core/Src/ptp_comp.h:42:13:print_deltatime	56	static
../Core/Src/ptp_comp.h:54:22:toDeltaTimeType	40	static
../Core/Src/ptp_comp.h:67:13:convert_ts_to_deltatime_ts	16	static
../Core/Src/ptp_comp.h:76:15:compute_skew_deltatime	56	static
../Core/Src/ptp_comp.h:84:22:compute_pathdelay_deltatime	80	static
../Core/Src/ptp_comp.h:93:22:compute_offset_Henrik_deltatime	40	static
../Core/Src/ptp_comp.h:99:22:compute_offset_website_deltatime	56	static
../Core/Src/ptp_comp.h:106:22:compute_t1	48	static
../Core/Src/ptp_comp.h:113:12:is_deltatime_ts_valid	16	static
../Core/Src/ptp_comp.h:118:13:example	112	static
../Core/Src/ptp_comp.h:149:13:compute_all_metrics	64	static
../Core/Src/udp_ptp.h:29:13:handle_end_ptp_exchange	16	static
../Core/Src/udp_ptp.h:49:22:get_dt_time_from_msg	48	static
../Core/Src/udp_ptp.h:62:13:print_payload	24	static
../Core/Src/udp_ptp.h:69:13:send_delay_req	40	static
../Core/Src/udp_ptp.h:96:13:handle_udp_ptp_sync	32	static
../Core/Src/udp_ptp.h:120:13:handle_udp_ptp	32	static
../Core/Src/main.c:90:6:usb_printf	272	static
../Core/Src/main.c:136:13:ptp_sync_fn	24	static
../Core/Src/main.c:152:13:ws_client_fn	40	static
../Core/Src/main.c:182:13:http_fn	80	static
../Core/Src/main.c:362:5:main	72	static
../Core/Src/main.c:440:6:SystemClock_Config	88	static
../Core/Src/main.c:496:13:MX_RTC_Init	8	static
../Core/Src/main.c:529:13:MX_USART3_UART_Init	8	static
../Core/Src/main.c:562:13:MX_GPIO_Init	56	static
../Core/Src/main.c:625:6:StartMongooseTask	192	static
../Core/Src/main.c:752:6:StartHandlePTPTask	16	static
../Core/Src/main.c:770:6:HAL_TIM_PeriodElapsedCallback	16	static
../Core/Src/main.c:786:6:Error_Handler	4	static,ignoring_inline_asm
