../Core/Src/ptp_comp.h:29:13:print_deltatime_ts	1
../Core/Src/ptp_comp.h:50:13:print_deltatime	3
../Core/Src/ptp_comp.h:63:22:toDeltaTimeType	1
../Core/Src/ptp_comp.h:71:15:compute_skew_deltatime	1
../Core/Src/ptp_comp.h:79:22:compute_pathdelay_deltatime	2
../Core/Src/ptp_comp.h:88:22:compute_offset_Henrik_deltatime	1
../Core/Src/ptp_comp.h:94:22:compute_offset_website_deltatime	2
../Core/Src/ptp_comp.h:101:22:compute_t1	1
../Core/Src/ptp_comp.h:108:12:is_deltatime_ts_valid	3
../Core/Src/ptp_comp.h:113:13:example	1
../Core/Src/ptp_comp.h:144:13:compute_all_metrics	1
../Core/Src/udp_ptp.h:32:13:handle_end_ptp_exchange	2
../Core/Src/udp_ptp.h:53:22:get_dt_time_from_msg	3
../Core/Src/udp_ptp.h:70:13:print_payload	2
../Core/Src/udp_ptp.h:77:13:send_delay_req	1
../Core/Src/udp_ptp.h:99:13:handle_udp_ptp_sync	3
../Core/Src/udp_ptp.h:120:13:print_sub_payload_ptp	2
../Core/Src/udp_ptp.h:127:13:handle_udp_ptp	4
../Core/Src/udp_rtp.h:14:13:print_sub_payload	2
../Core/Src/udp_rtp.h:21:13:print_deltatime_rtp	3
../Core/Src/udp_rtp.h:33:13:print_deltatime_rtp_inline	1
../Core/Src/udp_rtp.h:41:22:obtain_secondary_ts	1
../Core/Src/udp_rtp.h:47:22:get_dt_time_from_rtp_msg	2
../Core/Src/udp_rtp.h:59:13:handle_udp_rtp	2
../Core/Src/main.c:95:6:usb_printf	3
../Core/Src/main.c:120:13:ws_client_fn	5
../Core/Src/main.c:153:13:http_fn	9
../Core/Src/main.c:313:5:main	1
../Core/Src/main.c:394:6:SystemClock_Config	4
../Core/Src/main.c:450:13:MX_RTC_Init	2
../Core/Src/main.c:483:13:MX_TIM2_Init	5
../Core/Src/main.c:551:13:MX_USART3_UART_Init	2
../Core/Src/main.c:584:13:MX_GPIO_Init	1
../Core/Src/main.c:638:6:add_txt_mdns	1
../Core/Src/main.c:671:6:StartMongooseTask	8
../Core/Src/main.c:806:6:StartHandlePTPTask	1
../Core/Src/main.c:824:6:HAL_TIM_PeriodElapsedCallback	2
../Core/Src/main.c:844:6:Error_Handler	1
