../Middlewares/Third_Party/Cesanta_Network Library/Mongoose/mongoose.h:298:20:mg_free	16	static
../Middlewares/Third_Party/Cesanta_Network Library/Mongoose/mongoose.h:303:21:mg_calloc	24	static
../Middlewares/Third_Party/Cesanta_Network Library/Mongoose/mongoose.c:27:12:mg_base64_encode_single	16	static
../Middlewares/Third_Party/Cesanta_Network Library/Mongoose/mongoose.c:39:12:mg_base64_decode_single	16	static
../Middlewares/Third_Party/Cesanta_Network Library/Mongoose/mongoose.c:57:8:mg_base64_update	32	static
../Middlewares/Third_Party/Cesanta_Network Library/Mongoose/mongoose.c:73:8:mg_base64_final	24	static
../Middlewares/Third_Party/Cesanta_Network Library/Mongoose/mongoose.c:84:8:mg_base64_encode	32	static
../Middlewares/Third_Party/Cesanta_Network Library/Mongoose/mongoose.c:93:8:mg_base64_decode	48	static
../Middlewares/Third_Party/Cesanta_Network Library/Mongoose/mongoose.c:140:13:mg_dns_free	24	static
../Middlewares/Third_Party/Cesanta_Network Library/Mongoose/mongoose.c:145:6:mg_resolve_cancel	32	static
../Middlewares/Third_Party/Cesanta_Network Library/Mongoose/mongoose.c:154:15:mg_dns_parse_name_depth	56	static
../Middlewares/Third_Party/Cesanta_Network Library/Mongoose/mongoose.c:191:15:mg_dns_parse_name	40	static
../Middlewares/Third_Party/Cesanta_Network Library/Mongoose/mongoose.c:196:8:mg_dns_parse_rr	40	static
../Middlewares/Third_Party/Cesanta_Network Library/Mongoose/mongoose.c:220:6:mg_dns_parse	64	static
../Middlewares/Third_Party/Cesanta_Network Library/Mongoose/mongoose.c:273:13:dns_cb	344	static
../Middlewares/Third_Party/Cesanta_Network Library/Mongoose/mongoose.c:329:13:mg_dns_send	312	static
../Middlewares/Third_Party/Cesanta_Network Library/Mongoose/mongoose.c:357:6:mg_dnsc_init	16	static
../Middlewares/Third_Party/Cesanta_Network Library/Mongoose/mongoose.c:370:13:mg_sendnsreq	56	static
../Middlewares/Third_Party/Cesanta_Network Library/Mongoose/mongoose.c:393:6:mg_resolve	40	static
../Middlewares/Third_Party/Cesanta_Network Library/Mongoose/mongoose.c:413:13:mdns_cb	712	static
../Middlewares/Third_Party/Cesanta_Network Library/Mongoose/mongoose.c:468:23:mg_mdns_listen	24	static
../Middlewares/Third_Party/Cesanta_Network Library/Mongoose/mongoose.c:485:6:mg_call	24	static
../Middlewares/Third_Party/Cesanta_Network Library/Mongoose/mongoose.c:502:6:mg_error	92	static
../Middlewares/Third_Party/Cesanta_Network Library/Mongoose/mongoose.c:593:13:is_digit	16	static
../Middlewares/Third_Party/Cesanta_Network Library/Mongoose/mongoose.c:597:12:addexp	32	static
../Middlewares/Third_Party/Cesanta_Network Library/Mongoose/mongoose.c:609:12:xisinf	24	static
../Middlewares/Third_Party/Cesanta_Network Library/Mongoose/mongoose.c:618:12:xisnan	24	static
../Middlewares/Third_Party/Cesanta_Network Library/Mongoose/mongoose.c:628:15:mg_dtoa	136	static
../Middlewares/Third_Party/Cesanta_Network Library/Mongoose/mongoose.c:697:15:mg_lld	64	static
../Middlewares/Third_Party/Cesanta_Network Library/Mongoose/mongoose.c:719:15:scpy	32	static
../Middlewares/Third_Party/Cesanta_Network Library/Mongoose/mongoose.c:726:8:mg_xprintf	24	static
../Middlewares/Third_Party/Cesanta_Network Library/Mongoose/mongoose.c:735:8:mg_vxprintf	176	static
../Middlewares/Third_Party/Cesanta_Network Library/Mongoose/mongoose.c:831:15:mg_fs_open	32	static
../Middlewares/Third_Party/Cesanta_Network Library/Mongoose/mongoose.c:844:6:mg_fs_close	16	static
../Middlewares/Third_Party/Cesanta_Network Library/Mongoose/mongoose.c:851:15:mg_file_read	40	static
../Middlewares/Third_Party/Cesanta_Network Library/Mongoose/mongoose.c:868:6:mg_file_write	1072	static
../Middlewares/Third_Party/Cesanta_Network Library/Mongoose/mongoose.c:887:6:mg_file_printf	32	static
../Middlewares/Third_Party/Cesanta_Network Library/Mongoose/mongoose.c:904:13:mg_fs_ls_fn	24	static
../Middlewares/Third_Party/Cesanta_Network Library/Mongoose/mongoose.c:913:6:mg_fs_ls	32	static
../Middlewares/Third_Party/Cesanta_Network Library/Mongoose/mongoose.c:1079:15:mg_unpacked	24	static
../Middlewares/Third_Party/Cesanta_Network Library/Mongoose/mongoose.c:1085:12:is_dir_prefix	24	static
../Middlewares/Third_Party/Cesanta_Network Library/Mongoose/mongoose.c:1091:12:packed_stat	40	static
../Middlewares/Third_Party/Cesanta_Network Library/Mongoose/mongoose.c:1102:13:packed_list	2104	static
../Middlewares/Third_Party/Cesanta_Network Library/Mongoose/mongoose.c:1123:14:packed_open	32	static
../Middlewares/Third_Party/Cesanta_Network Library/Mongoose/mongoose.c:1136:13:packed_close	16	static
../Middlewares/Third_Party/Cesanta_Network Library/Mongoose/mongoose.c:1140:15:packed_read	32	static
../Middlewares/Third_Party/Cesanta_Network Library/Mongoose/mongoose.c:1148:15:packed_write	24	static
../Middlewares/Third_Party/Cesanta_Network Library/Mongoose/mongoose.c:1153:15:packed_seek	24	static
../Middlewares/Third_Party/Cesanta_Network Library/Mongoose/mongoose.c:1160:13:packed_rename	16	static
../Middlewares/Third_Party/Cesanta_Network Library/Mongoose/mongoose.c:1165:13:packed_remove	16	static
../Middlewares/Third_Party/Cesanta_Network Library/Mongoose/mongoose.c:1170:13:packed_mkdir	16	static
../Middlewares/Third_Party/Cesanta_Network Library/Mongoose/mongoose.c:1401:12:p_stat	24	static
../Middlewares/Third_Party/Cesanta_Network Library/Mongoose/mongoose.c:1405:13:p_list	24	static
../Middlewares/Third_Party/Cesanta_Network Library/Mongoose/mongoose.c:1409:14:p_open	16	static
../Middlewares/Third_Party/Cesanta_Network Library/Mongoose/mongoose.c:1413:13:p_close	16	static
../Middlewares/Third_Party/Cesanta_Network Library/Mongoose/mongoose.c:1416:15:p_read	24	static
../Middlewares/Third_Party/Cesanta_Network Library/Mongoose/mongoose.c:1420:15:p_write	24	static
../Middlewares/Third_Party/Cesanta_Network Library/Mongoose/mongoose.c:1424:15:p_seek	16	static
../Middlewares/Third_Party/Cesanta_Network Library/Mongoose/mongoose.c:1428:13:p_rename	16	static
../Middlewares/Third_Party/Cesanta_Network Library/Mongoose/mongoose.c:1432:13:p_remove	16	static
../Middlewares/Third_Party/Cesanta_Network Library/Mongoose/mongoose.c:1436:13:p_mkdir	16	static
../Middlewares/Third_Party/Cesanta_Network Library/Mongoose/mongoose.c:1461:12:mg_ncasecmp	40	static
../Middlewares/Third_Party/Cesanta_Network Library/Mongoose/mongoose.c:1473:6:mg_to_size_t	48	static
../Middlewares/Third_Party/Cesanta_Network Library/Mongoose/mongoose.c:1507:8:mg_http_next_multipart	112	static
../Middlewares/Third_Party/Cesanta_Network Library/Mongoose/mongoose.c:1547:6:mg_http_bauth	56	static
../Middlewares/Third_Party/Cesanta_Network Library/Mongoose/mongoose.c:1573:15:mg_http_var	64	static
../Middlewares/Third_Party/Cesanta_Network Library/Mongoose/mongoose.c:1585:5:mg_http_get_var	56	static
../Middlewares/Third_Party/Cesanta_Network Library/Mongoose/mongoose.c:1607:13:isx	16	static
../Middlewares/Third_Party/Cesanta_Network Library/Mongoose/mongoose.c:1612:5:mg_url_decode	48	static
../Middlewares/Third_Party/Cesanta_Network Library/Mongoose/mongoose.c:1634:13:isok	16	static
../Middlewares/Third_Party/Cesanta_Network Library/Mongoose/mongoose.c:1638:5:mg_http_get_request_len	24	static
../Middlewares/Third_Party/Cesanta_Network Library/Mongoose/mongoose.c:1648:16:mg_http_get_header	40	static
../Middlewares/Third_Party/Cesanta_Network Library/Mongoose/mongoose.c:1658:13:vcb	16	static
../Middlewares/Third_Party/Cesanta_Network Library/Mongoose/mongoose.c:1663:15:clen	32	static
../Middlewares/Third_Party/Cesanta_Network Library/Mongoose/mongoose.c:1675:20:skiptorn	24	static
../Middlewares/Third_Party/Cesanta_Network Library/Mongoose/mongoose.c:1684:13:mg_http_parse_headers	48	static
../Middlewares/Third_Party/Cesanta_Network Library/Mongoose/mongoose.c:1708:5:mg_http_parse	80	static
../Middlewares/Third_Party/Cesanta_Network Library/Mongoose/mongoose.c:1793:13:mg_http_vprintf_chunk	32	static
../Middlewares/Third_Party/Cesanta_Network Library/Mongoose/mongoose.c:1806:6:mg_http_printf_chunk	28	static
../Middlewares/Third_Party/Cesanta_Network Library/Mongoose/mongoose.c:1813:6:mg_http_write_chunk	24	static
../Middlewares/Third_Party/Cesanta_Network Library/Mongoose/mongoose.c:1821:20:mg_http_status_code_str	16	static
../Middlewares/Third_Party/Cesanta_Network Library/Mongoose/mongoose.c:1891:6:mg_http_reply	52	static
../Middlewares/Third_Party/Cesanta_Network Library/Mongoose/mongoose.c:1910:13:restore_http_cb	16	static
../Middlewares/Third_Party/Cesanta_Network Library/Mongoose/mongoose.c:1918:7:mg_http_etag	48	static
../Middlewares/Third_Party/Cesanta_Network Library/Mongoose/mongoose.c:1923:13:static_cb	48	static
../Middlewares/Third_Party/Cesanta_Network Library/Mongoose/mongoose.c:1983:22:guess_content_type	88	static
../Middlewares/Third_Party/Cesanta_Network Library/Mongoose/mongoose.c:2007:12:getrange	56	static
../Middlewares/Third_Party/Cesanta_Network Library/Mongoose/mongoose.c:2023:6:mg_http_serve_file	1424	static
../Middlewares/Third_Party/Cesanta_Network Library/Mongoose/mongoose.c:2230:12:uri_to_path2	72	static
../Middlewares/Third_Party/Cesanta_Network Library/Mongoose/mongoose.c:2290:12:uri_to_path	120	static
../Middlewares/Third_Party/Cesanta_Network Library/Mongoose/mongoose.c:2305:6:mg_http_serve_dir	1088	static
../Middlewares/Third_Party/Cesanta_Network Library/Mongoose/mongoose.c:2325:13:mg_is_url_safe	16	static
../Middlewares/Third_Party/Cesanta_Network Library/Mongoose/mongoose.c:2330:8:mg_url_encode	48	static
../Middlewares/Third_Party/Cesanta_Network Library/Mongoose/mongoose.c:2347:6:mg_http_creds	328	static
../Middlewares/Third_Party/Cesanta_Network Library/Mongoose/mongoose.c:2369:22:stripquotes	24	static
../Middlewares/Third_Party/Cesanta_Network Library/Mongoose/mongoose.c:2375:15:mg_http_get_header_var	56	static
../Middlewares/Third_Party/Cesanta_Network Library/Mongoose/mongoose.c:2392:6:mg_http_upload	2136	static
../Middlewares/Third_Party/Cesanta_Network Library/Mongoose/mongoose.c:2436:5:mg_http_status	16	static
../Middlewares/Third_Party/Cesanta_Network Library/Mongoose/mongoose.c:2440:13:is_hex_digit	16	static
../Middlewares/Third_Party/Cesanta_Network Library/Mongoose/mongoose.c:2445:12:skip_chunk	48	static
../Middlewares/Third_Party/Cesanta_Network Library/Mongoose/mongoose.c:2461:13:http_cb	656	static
../Middlewares/Third_Party/Cesanta_Network Library/Mongoose/mongoose.c:2570:23:mg_http_connect	32	static
../Middlewares/Third_Party/Cesanta_Network Library/Mongoose/mongoose.c:2575:23:mg_http_listen	32	static
../Middlewares/Third_Party/Cesanta_Network Library/Mongoose/mongoose.c:2590:15:roundup	16	static
../Middlewares/Third_Party/Cesanta_Network Library/Mongoose/mongoose.c:2594:5:mg_iobuf_resize	56	static
../Middlewares/Third_Party/Cesanta_Network Library/Mongoose/mongoose.c:2620:5:mg_iobuf_init	24	static
../Middlewares/Third_Party/Cesanta_Network Library/Mongoose/mongoose.c:2627:8:mg_iobuf_add	32	static
../Middlewares/Third_Party/Cesanta_Network Library/Mongoose/mongoose.c:2639:8:mg_iobuf_del	24	static
../Middlewares/Third_Party/Cesanta_Network Library/Mongoose/mongoose.c:2648:6:mg_iobuf_free	16	static
../Middlewares/Third_Party/Cesanta_Network Library/Mongoose/mongoose.c:2660:20:escapeseq	16	static
../Middlewares/Third_Party/Cesanta_Network Library/Mongoose/mongoose.c:2664:13:json_esc	32	static
../Middlewares/Third_Party/Cesanta_Network Library/Mongoose/mongoose.c:2672:12:mg_pass_string	24	static
../Middlewares/Third_Party/Cesanta_Network Library/Mongoose/mongoose.c:2686:15:mg_atod	72	static
../Middlewares/Third_Party/Cesanta_Network Library/Mongoose/mongoose.c:2733:8:mg_json_next	64	static
../Middlewares/Third_Party/Cesanta_Network Library/Mongoose/mongoose.c:2781:5:mg_json_get	120	static
../Middlewares/Third_Party/Cesanta_Network Library/Mongoose/mongoose.c:2924:15:mg_json_get_tok	32	static
../Middlewares/Third_Party/Cesanta_Network Library/Mongoose/mongoose.c:2930:6:mg_json_get_num	48	static
../Middlewares/Third_Party/Cesanta_Network Library/Mongoose/mongoose.c:2940:6:mg_json_get_bool	40	static
../Middlewares/Third_Party/Cesanta_Network Library/Mongoose/mongoose.c:2949:6:mg_json_unescape	64	static
../Middlewares/Third_Party/Cesanta_Network Library/Mongoose/mongoose.c:2974:7:mg_json_get_str	48	static
../Middlewares/Third_Party/Cesanta_Network Library/Mongoose/mongoose.c:2988:7:mg_json_get_b64	48	static
../Middlewares/Third_Party/Cesanta_Network Library/Mongoose/mongoose.c:3000:7:mg_json_get_hex	64	static
../Middlewares/Third_Party/Cesanta_Network Library/Mongoose/mongoose.c:3016:6:mg_json_get_long	48	static
../Middlewares/Third_Party/Cesanta_Network Library/Mongoose/mongoose.c:3035:6:mg_log_set_fn	16	static
../Middlewares/Third_Party/Cesanta_Network Library/Mongoose/mongoose.c:3040:13:logc	16	static
../Middlewares/Third_Party/Cesanta_Network Library/Mongoose/mongoose.c:3044:13:logs	24	static
../Middlewares/Third_Party/Cesanta_Network Library/Mongoose/mongoose.c:3052:6:mg_log_prefix	112	static
../Middlewares/Third_Party/Cesanta_Network Library/Mongoose/mongoose.c:3064:6:mg_log	16	static
../Middlewares/Third_Party/Cesanta_Network Library/Mongoose/mongoose.c:3073:22:nibble	16	static
../Middlewares/Third_Party/Cesanta_Network Library/Mongoose/mongoose.c:3078:6:mg_hexdump	48	static
../Middlewares/Third_Party/Cesanta_Network Library/Mongoose/mongoose.c:3122:13:mg_byte_reverse	24	static
../Middlewares/Third_Party/Cesanta_Network Library/Mongoose/mongoose.c:3147:6:mg_md5_init	16	static
../Middlewares/Third_Party/Cesanta_Network Library/Mongoose/mongoose.c:3157:13:mg_md5_transform	32	static
../Middlewares/Third_Party/Cesanta_Network Library/Mongoose/mongoose.c:3239:6:mg_md5_update	32	static
../Middlewares/Third_Party/Cesanta_Network Library/Mongoose/mongoose.c:3274:6:mg_md5_final	32	static
../Middlewares/Third_Party/Cesanta_Network Library/Mongoose/mongoose.c:3356:6:mg_mqtt_send_header	40	static
../Middlewares/Third_Party/Cesanta_Network Library/Mongoose/mongoose.c:3369:13:mg_send_u16	16	static
../Middlewares/Third_Party/Cesanta_Network Library/Mongoose/mongoose.c:3373:13:mg_send_u32	16	static
../Middlewares/Third_Party/Cesanta_Network Library/Mongoose/mongoose.c:3377:16:varint_size	24	static
../Middlewares/Third_Party/Cesanta_Network Library/Mongoose/mongoose.c:3386:15:encode_varint	24	static
../Middlewares/Third_Party/Cesanta_Network Library/Mongoose/mongoose.c:3399:15:decode_varint	40	static
../Middlewares/Third_Party/Cesanta_Network Library/Mongoose/mongoose.c:3414:12:mqtt_prop_type_by_id	24	static
../Middlewares/Third_Party/Cesanta_Network Library/Mongoose/mongoose.c:3424:15:get_properties_length	24	static
../Middlewares/Third_Party/Cesanta_Network Library/Mongoose/mongoose.c:3461:15:get_props_size	24	static
../Middlewares/Third_Party/Cesanta_Network Library/Mongoose/mongoose.c:3467:13:mg_send_mqtt_properties	48	static
../Middlewares/Third_Party/Cesanta_Network Library/Mongoose/mongoose.c:3509:8:mg_mqtt_next_prop	40	static
../Middlewares/Third_Party/Cesanta_Network Library/Mongoose/mongoose.c:3563:6:mg_mqtt_login	64	static
../Middlewares/Third_Party/Cesanta_Network Library/Mongoose/mongoose.c:3628:10:mg_mqtt_pub	48	static
../Middlewares/Third_Party/Cesanta_Network Library/Mongoose/mongoose.c:3657:6:mg_mqtt_sub	32	static
../Middlewares/Third_Party/Cesanta_Network Library/Mongoose/mongoose.c:3672:5:mg_mqtt_parse	48	static
../Middlewares/Third_Party/Cesanta_Network Library/Mongoose/mongoose.c:3743:13:mqtt_cb	120	static
../Middlewares/Third_Party/Cesanta_Network Library/Mongoose/mongoose.c:3815:6:mg_mqtt_ping	16	static
../Middlewares/Third_Party/Cesanta_Network Library/Mongoose/mongoose.c:3819:6:mg_mqtt_pong	16	static
../Middlewares/Third_Party/Cesanta_Network Library/Mongoose/mongoose.c:3823:6:mg_mqtt_disconnect	24	static
../Middlewares/Third_Party/Cesanta_Network Library/Mongoose/mongoose.c:3836:23:mg_mqtt_connect	104	static
../Middlewares/Third_Party/Cesanta_Network Library/Mongoose/mongoose.c:3848:23:mg_mqtt_listen	32	static
../Middlewares/Third_Party/Cesanta_Network Library/Mongoose/mongoose.c:3867:8:mg_vprintf	32	static
../Middlewares/Third_Party/Cesanta_Network Library/Mongoose/mongoose.c:3873:8:mg_printf	28	static
../Middlewares/Third_Party/Cesanta_Network Library/Mongoose/mongoose.c:3882:13:mg_atonl	40	static
../Middlewares/Third_Party/Cesanta_Network Library/Mongoose/mongoose.c:3890:13:mg_atone	24	static
../Middlewares/Third_Party/Cesanta_Network Library/Mongoose/mongoose.c:3897:13:mg_aton4	40	static
../Middlewares/Third_Party/Cesanta_Network Library/Mongoose/mongoose.c:3918:13:mg_v4mapped	40	static
../Middlewares/Third_Party/Cesanta_Network Library/Mongoose/mongoose.c:3936:13:mg_aton6	72	static
../Middlewares/Third_Party/Cesanta_Network Library/Mongoose/mongoose.c:3978:6:mg_aton	24	static
../Middlewares/Third_Party/Cesanta_Network Library/Mongoose/mongoose.c:3984:23:mg_alloc_conn	24	static
../Middlewares/Third_Party/Cesanta_Network Library/Mongoose/mongoose.c:3996:6:mg_close_conn	24	static
../Middlewares/Third_Party/Cesanta_Network Library/Mongoose/mongoose.c:4016:23:mg_connect_svc	32	static
../Middlewares/Third_Party/Cesanta_Network Library/Mongoose/mongoose.c:4041:23:mg_connect	32	static
../Middlewares/Third_Party/Cesanta_Network Library/Mongoose/mongoose.c:4046:23:mg_listen	32	static
../Middlewares/Third_Party/Cesanta_Network Library/Mongoose/mongoose.c:4069:23:mg_wrapfd	32	static
../Middlewares/Third_Party/Cesanta_Network Library/Mongoose/mongoose.c:4083:18:mg_timer_add	48	static
../Middlewares/Third_Party/Cesanta_Network Library/Mongoose/mongoose.c:4093:6:mg_io_recv	24	static
../Middlewares/Third_Party/Cesanta_Network Library/Mongoose/mongoose.c:4101:6:mg_mgr_free	32	static
../Middlewares/Third_Party/Cesanta_Network Library/Mongoose/mongoose.c:4121:6:mg_mgr_init	16	static
../Middlewares/Third_Party/Cesanta_Network Library/Mongoose/mongoose.c:5593:6:mg_ota_begin	16	static
../Middlewares/Third_Party/Cesanta_Network Library/Mongoose/mongoose.c:5597:6:mg_ota_write	16	static
../Middlewares/Third_Party/Cesanta_Network Library/Mongoose/mongoose.c:5601:6:mg_ota_end	4	static
../Middlewares/Third_Party/Cesanta_Network Library/Mongoose/mongoose.c:7636:8:mg_queue_vprintf	32	static
../Middlewares/Third_Party/Cesanta_Network Library/Mongoose/mongoose.c:7648:8:mg_queue_printf	28	static
../Middlewares/Third_Party/Cesanta_Network Library/Mongoose/mongoose.c:7657:13:mg_pfn_iobuf_private	24	static
../Middlewares/Third_Party/Cesanta_Network Library/Mongoose/mongoose.c:7668:13:mg_putchar_iobuf_static	16	static
../Middlewares/Third_Party/Cesanta_Network Library/Mongoose/mongoose.c:7672:6:mg_pfn_iobuf	16	static
../Middlewares/Third_Party/Cesanta_Network Library/Mongoose/mongoose.c:7676:8:mg_vsnprintf	48	static
../Middlewares/Third_Party/Cesanta_Network Library/Mongoose/mongoose.c:7683:8:mg_snprintf	24	static
../Middlewares/Third_Party/Cesanta_Network Library/Mongoose/mongoose.c:7692:7:mg_vmprintf	32	static
../Middlewares/Third_Party/Cesanta_Network Library/Mongoose/mongoose.c:7698:7:mg_mprintf	16	static
../Middlewares/Third_Party/Cesanta_Network Library/Mongoose/mongoose.c:7707:6:mg_pfn_stdout	16	static
../Middlewares/Third_Party/Cesanta_Network Library/Mongoose/mongoose.c:7712:15:print_ip4	40	static
../Middlewares/Third_Party/Cesanta_Network Library/Mongoose/mongoose.c:7716:15:print_ip6	80	static
../Middlewares/Third_Party/Cesanta_Network Library/Mongoose/mongoose.c:7723:8:mg_print_ip4	32	static
../Middlewares/Third_Party/Cesanta_Network Library/Mongoose/mongoose.c:7728:8:mg_print_ip6	32	static
../Middlewares/Third_Party/Cesanta_Network Library/Mongoose/mongoose.c:7733:8:mg_print_ip	32	static
../Middlewares/Third_Party/Cesanta_Network Library/Mongoose/mongoose.c:7739:8:mg_print_ip_port	40	static
../Middlewares/Third_Party/Cesanta_Network Library/Mongoose/mongoose.c:7744:8:mg_print_mac	64	static
../Middlewares/Third_Party/Cesanta_Network Library/Mongoose/mongoose.c:7750:13:mg_esc	32	static
../Middlewares/Third_Party/Cesanta_Network Library/Mongoose/mongoose.c:7758:13:mg_escape	16	static
../Middlewares/Third_Party/Cesanta_Network Library/Mongoose/mongoose.c:7762:15:qcpy	40	static
../Middlewares/Third_Party/Cesanta_Network Library/Mongoose/mongoose.c:7776:15:bcpy	48	static
../Middlewares/Third_Party/Cesanta_Network Library/Mongoose/mongoose.c:7793:8:mg_print_hex	40	static
../Middlewares/Third_Party/Cesanta_Network Library/Mongoose/mongoose.c:7804:8:mg_print_base64	32	static
../Middlewares/Third_Party/Cesanta_Network Library/Mongoose/mongoose.c:7810:8:mg_print_esc	32	static
../Middlewares/Third_Party/Cesanta_Network Library/Mongoose/mongoose.c:7846:6:mg_queue_init	24	static
../Middlewares/Third_Party/Cesanta_Network Library/Mongoose/mongoose.c:7852:15:mg_queue_read_len	24	static
../Middlewares/Third_Party/Cesanta_Network Library/Mongoose/mongoose.c:7860:13:mg_queue_write_len	24	static
../Middlewares/Third_Party/Cesanta_Network Library/Mongoose/mongoose.c:7866:8:mg_queue_book	32	static
../Middlewares/Third_Party/Cesanta_Network Library/Mongoose/mongoose.c:7879:8:mg_queue_next	24	static
../Middlewares/Third_Party/Cesanta_Network Library/Mongoose/mongoose.c:7893:6:mg_queue_add	16	static
../Middlewares/Third_Party/Cesanta_Network Library/Mongoose/mongoose.c:7900:6:mg_queue_del	16	static
../Middlewares/Third_Party/Cesanta_Network Library/Mongoose/mongoose.c:7912:6:mg_rpc_add	48	static
../Middlewares/Third_Party/Cesanta_Network Library/Mongoose/mongoose.c:7923:6:mg_rpc_del	24	static
../Middlewares/Third_Party/Cesanta_Network Library/Mongoose/mongoose.c:7936:13:mg_rpc_call	40	static
../Middlewares/Third_Party/Cesanta_Network Library/Mongoose/mongoose.c:7947:6:mg_rpc_process	48	static
../Middlewares/Third_Party/Cesanta_Network Library/Mongoose/mongoose.c:7961:6:mg_rpc_vok	72	static
../Middlewares/Third_Party/Cesanta_Network Library/Mongoose/mongoose.c:7971:6:mg_rpc_ok	28	static
../Middlewares/Third_Party/Cesanta_Network Library/Mongoose/mongoose.c:7978:6:mg_rpc_verr	80	static
../Middlewares/Third_Party/Cesanta_Network Library/Mongoose/mongoose.c:7991:6:mg_rpc_err	24	static
../Middlewares/Third_Party/Cesanta_Network Library/Mongoose/mongoose.c:7998:15:print_methods	56	static
../Middlewares/Third_Party/Cesanta_Network Library/Mongoose/mongoose.c:8009:6:mg_rpc_list	16	static
../Middlewares/Third_Party/Cesanta_Network Library/Mongoose/mongoose.c:8028:17:blk0	16	static
../Middlewares/Third_Party/Cesanta_Network Library/Mongoose/mongoose.c:8065:13:mg_sha1_transform	112	static
../Middlewares/Third_Party/Cesanta_Network Library/Mongoose/mongoose.c:8172:6:mg_sha1_init	16	static
../Middlewares/Third_Party/Cesanta_Network Library/Mongoose/mongoose.c:8181:6:mg_sha1_update	32	static
../Middlewares/Third_Party/Cesanta_Network Library/Mongoose/mongoose.c:8201:6:mg_sha1_final	32	static
../Middlewares/Third_Party/Cesanta_Network Library/Mongoose/mongoose.c:8257:6:mg_sha256_init	16	static
../Middlewares/Third_Party/Cesanta_Network Library/Mongoose/mongoose.c:8270:13:mg_sha256_chunk	320	static
../Middlewares/Third_Party/Cesanta_Network Library/Mongoose/mongoose.c:8314:6:mg_sha256_update	40	static
../Middlewares/Third_Party/Cesanta_Network Library/Mongoose/mongoose.c:8328:6:mg_sha256_final	40	static
../Middlewares/Third_Party/Cesanta_Network Library/Mongoose/mongoose.c:8367:6:mg_sha256	136	static
../Middlewares/Third_Party/Cesanta_Network Library/Mongoose/mongoose.c:8374:6:mg_hmac_sha256	344	static
../Middlewares/Third_Party/Cesanta_Network Library/Mongoose/mongoose.c:8438:13:mg_sha384_transform	1224	static
../Middlewares/Third_Party/Cesanta_Network Library/Mongoose/mongoose.c:8483:6:mg_sha384_init	16	static
../Middlewares/Third_Party/Cesanta_Network Library/Mongoose/mongoose.c:8497:6:mg_sha384_update	48	static
../Middlewares/Third_Party/Cesanta_Network Library/Mongoose/mongoose.c:8511:6:mg_sha384_final	56	static
../Middlewares/Third_Party/Cesanta_Network Library/Mongoose/mongoose.c:8556:6:mg_sha384	240	static
../Middlewares/Third_Party/Cesanta_Network Library/Mongoose/mongoose.c:8577:10:mg_now	16	static
../Middlewares/Third_Party/Cesanta_Network Library/Mongoose/mongoose.c:8581:16:gettimestamp	56	static
../Middlewares/Third_Party/Cesanta_Network Library/Mongoose/mongoose.c:8587:9:mg_sntp_parse	120	static
../Middlewares/Third_Party/Cesanta_Network Library/Mongoose/mongoose.c:8612:13:sntp_cb	56	static
../Middlewares/Third_Party/Cesanta_Network Library/Mongoose/mongoose.c:8634:6:mg_sntp_request	96	static
../Middlewares/Third_Party/Cesanta_Network Library/Mongoose/mongoose.c:8649:23:mg_sntp_connect	32	static
../Middlewares/Third_Party/Cesanta_Network Library/Mongoose/mongoose.c:8712:18:tousa	24	static
../Middlewares/Third_Party/Cesanta_Network Library/Mongoose/mongoose.c:8730:13:tomgaddr	24	static
../Middlewares/Third_Party/Cesanta_Network Library/Mongoose/mongoose.c:8743:13:setlocaddr	40	static
../Middlewares/Third_Party/Cesanta_Network Library/Mongoose/mongoose.c:8751:13:iolog	48	static
../Middlewares/Third_Party/Cesanta_Network Library/Mongoose/mongoose.c:8776:6:mg_io_send	56	static
../Middlewares/Third_Party/Cesanta_Network Library/Mongoose/mongoose.c:8793:6:mg_send	56	static
../Middlewares/Third_Party/Cesanta_Network Library/Mongoose/mongoose.c:8805:13:mg_set_non_blocking_mode	16	static
../Middlewares/Third_Party/Cesanta_Network Library/Mongoose/mongoose.c:8839:6:mg_multicast_add	32	static
../Middlewares/Third_Party/Cesanta_Network Library/Mongoose/mongoose.c:8861:6:mg_open_listener	72	static
../Middlewares/Third_Party/Cesanta_Network Library/Mongoose/mongoose.c:8923:13:recv_raw	56	static
../Middlewares/Third_Party/Cesanta_Network Library/Mongoose/mongoose.c:8940:13:ioalloc	24	static
../Middlewares/Third_Party/Cesanta_Network Library/Mongoose/mongoose.c:8955:13:read_conn	56	static
../Middlewares/Third_Party/Cesanta_Network Library/Mongoose/mongoose.c:8994:13:write_conn	72	static
../Middlewares/Third_Party/Cesanta_Network Library/Mongoose/mongoose.c:9004:13:close_conn	16	static
../Middlewares/Third_Party/Cesanta_Network Library/Mongoose/mongoose.c:9017:13:connect_conn	40	static
../Middlewares/Third_Party/Cesanta_Network Library/Mongoose/mongoose.c:9033:13:setsockopts	32	static
../Middlewares/Third_Party/Cesanta_Network Library/Mongoose/mongoose.c:9050:6:mg_connect_resolved	64	static
../Middlewares/Third_Party/Cesanta_Network Library/Mongoose/mongoose.c:9090:23:raccept	32	static
../Middlewares/Third_Party/Cesanta_Network Library/Mongoose/mongoose.c:9100:13:accept_conn	72	static
../Middlewares/Third_Party/Cesanta_Network Library/Mongoose/mongoose.c:9145:13:can_read	16	static
../Middlewares/Third_Party/Cesanta_Network Library/Mongoose/mongoose.c:9149:13:can_write	16	static
../Middlewares/Third_Party/Cesanta_Network Library/Mongoose/mongoose.c:9153:13:skip_iotest	16	static
../Middlewares/Third_Party/Cesanta_Network Library/Mongoose/mongoose.c:9158:13:mg_iotest	152	static
../Middlewares/Third_Party/Cesanta_Network Library/Mongoose/mongoose.c:9296:13:mg_socketpair	32	static
../Middlewares/Third_Party/Cesanta_Network Library/Mongoose/mongoose.c:9325:13:wufn	40	static
../Middlewares/Third_Party/Cesanta_Network Library/Mongoose/mongoose.c:9348:6:mg_wakeup_init	64	static
../Middlewares/Third_Party/Cesanta_Network Library/Mongoose/mongoose.c:9370:6:mg_wakeup	32	dynamic
../Middlewares/Third_Party/Cesanta_Network Library/Mongoose/mongoose.c:9382:6:mg_mgr_poll	120	static
../Middlewares/Third_Party/Cesanta_Network Library/Mongoose/mongoose.c:9517:6:mg_http_serve_ssi	24	static
../Middlewares/Third_Party/Cesanta_Network Library/Mongoose/mongoose.c:9530:15:mg_str_s	24	static
../Middlewares/Third_Party/Cesanta_Network Library/Mongoose/mongoose.c:9535:15:mg_str_n	32	static
../Middlewares/Third_Party/Cesanta_Network Library/Mongoose/mongoose.c:9540:12:mg_tolc	16	static
../Middlewares/Third_Party/Cesanta_Network Library/Mongoose/mongoose.c:9544:5:mg_casecmp	32	static
../Middlewares/Third_Party/Cesanta_Network Library/Mongoose/mongoose.c:9553:15:mg_strdup	40	static
../Middlewares/Third_Party/Cesanta_Network Library/Mongoose/mongoose.c:9567:5:mg_strcmp	40	static
../Middlewares/Third_Party/Cesanta_Network Library/Mongoose/mongoose.c:9581:5:mg_strcasecmp	48	static
../Middlewares/Third_Party/Cesanta_Network Library/Mongoose/mongoose.c:9595:6:mg_match	40	static
../Middlewares/Third_Party/Cesanta_Network Library/Mongoose/mongoose.c:9629:6:mg_span	48	static
../Middlewares/Third_Party/Cesanta_Network Library/Mongoose/mongoose.c:9642:6:mg_str_to_num	184	static
../Middlewares/Third_Party/Cesanta_Network Library/Mongoose/mongoose.c:9719:6:mg_timer_init	24	static
../Middlewares/Third_Party/Cesanta_Network Library/Mongoose/mongoose.c:9726:6:mg_timer_free	16	static
../Middlewares/Third_Party/Cesanta_Network Library/Mongoose/mongoose.c:9732:6:mg_timer_expired	56	static
../Middlewares/Third_Party/Cesanta_Network Library/Mongoose/mongoose.c:9740:6:mg_timer_poll	56	static
../Middlewares/Third_Party/Cesanta_Network Library/Mongoose/mongoose.c:10068:6:aes_init_keygen_tables	2072	static
../Middlewares/Third_Party/Cesanta_Network Library/Mongoose/mongoose.c:10140:12:aes_set_encryption_key	32	static
../Middlewares/Third_Party/Cesanta_Network Library/Mongoose/mongoose.c:10218:12:aes_set_decryption_key	328	static
../Middlewares/Third_Party/Cesanta_Network Library/Mongoose/mongoose.c:10255:12:aes_setkey	24	static
../Middlewares/Third_Party/Cesanta_Network Library/Mongoose/mongoose.c:10301:12:aes_cipher	64	static
../Middlewares/Third_Party/Cesanta_Network Library/Mongoose/mongoose.c:10497:5:mg_gcm_initialize	8	static
../Middlewares/Third_Party/Cesanta_Network Library/Mongoose/mongoose.c:10511:13:gcm_mult	128	static
../Middlewares/Third_Party/Cesanta_Network Library/Mongoose/mongoose.c:10557:12:gcm_setkey	192	static
../Middlewares/Third_Party/Cesanta_Network Library/Mongoose/mongoose.c:10630:5:gcm_start	64	static
../Middlewares/Third_Party/Cesanta_Network Library/Mongoose/mongoose.c:10698:5:gcm_update	72	static
../Middlewares/Third_Party/Cesanta_Network Library/Mongoose/mongoose.c:10762:5:gcm_finish	64	static
../Middlewares/Third_Party/Cesanta_Network Library/Mongoose/mongoose.c:10805:5:gcm_crypt_and_tag	32	static
../Middlewares/Third_Party/Cesanta_Network Library/Mongoose/mongoose.c:10837:6:gcm_zero_ctx	16	static
../Middlewares/Third_Party/Cesanta_Network Library/Mongoose/mongoose.c:10849:5:mg_aes_gcm_encrypt	688	static
../Middlewares/Third_Party/Cesanta_Network Library/Mongoose/mongoose.c:10868:5:mg_aes_gcm_decrypt	696	static
../Middlewares/Third_Party/Cesanta_Network Library/Mongoose/mongoose.c:11026:13:mg_tls_hexdump	32	static
../Middlewares/Third_Party/Cesanta_Network Library/Mongoose/mongoose.c:11037:12:mg_der_parse	40	static
../Middlewares/Third_Party/Cesanta_Network Library/Mongoose/mongoose.c:11057:12:mg_der_next	24	static
../Middlewares/Third_Party/Cesanta_Network Library/Mongoose/mongoose.c:11067:12:mg_der_find_oid	64	static
../Middlewares/Third_Party/Cesanta_Network Library/Mongoose/mongoose.c:11099:12:mg_der_to_tlv	32	static
../Middlewares/Third_Party/Cesanta_Network Library/Mongoose/mongoose.c:11121:13:mg_tls_got_record	16	static
../Middlewares/Third_Party/Cesanta_Network Library/Mongoose/mongoose.c:11128:13:mg_tls_drop_record	24	static
../Middlewares/Third_Party/Cesanta_Network Library/Mongoose/mongoose.c:11136:13:mg_tls_drop_message	32	static
../Middlewares/Third_Party/Cesanta_Network Library/Mongoose/mongoose.c:11155:13:mg_tls_derive_secret	336	static
../Middlewares/Third_Party/Cesanta_Network Library/Mongoose/mongoose.c:11173:13:mg_tls_generate_handshake_keys	312	static
../Middlewares/Third_Party/Cesanta_Network Library/Mongoose/mongoose.c:11239:13:mg_tls_generate_application_keys	312	static
../Middlewares/Third_Party/Cesanta_Network Library/Mongoose/mongoose.c:11290:13:mg_tls_encrypt	112	static
../Middlewares/Third_Party/Cesanta_Network Library/Mongoose/mongoose.c:11352:12:mg_tls_recv_record	80	static
../Middlewares/Third_Party/Cesanta_Network Library/Mongoose/mongoose.c:11424:13:mg_tls_calc_cert_verify_hash	360	static
../Middlewares/Third_Party/Cesanta_Network Library/Mongoose/mongoose.c:11448:12:mg_tls_server_recv_hello	56	static
../Middlewares/Third_Party/Cesanta_Network Library/Mongoose/mongoose.c:11521:13:mg_tls_server_send_hello	224	static
../Middlewares/Third_Party/Cesanta_Network Library/Mongoose/mongoose.c:11570:13:mg_tls_server_send_ext	32	static
../Middlewares/Third_Party/Cesanta_Network Library/Mongoose/mongoose.c:11578:13:mg_tls_server_send_cert	40	static
../Middlewares/Third_Party/Cesanta_Network Library/Mongoose/mongoose.c:11615:13:init_SHA256	24	static
../Middlewares/Third_Party/Cesanta_Network Library/Mongoose/mongoose.c:11620:13:update_SHA256	32	static
../Middlewares/Third_Party/Cesanta_Network Library/Mongoose/mongoose.c:11625:13:finish_SHA256	24	static
../Middlewares/Third_Party/Cesanta_Network Library/Mongoose/mongoose.c:11631:13:mg_tls_send_cert_verify	496	static
../Middlewares/Third_Party/Cesanta_Network Library/Mongoose/mongoose.c:11668:13:mg_tls_server_send_finish	216	static
../Middlewares/Third_Party/Cesanta_Network Library/Mongoose/mongoose.c:11680:12:mg_tls_server_recv_finish	136	static
../Middlewares/Third_Party/Cesanta_Network Library/Mongoose/mongoose.c:11702:13:mg_tls_client_send_hello	296	static
../Middlewares/Third_Party/Cesanta_Network Library/Mongoose/mongoose.c:11803:12:mg_tls_client_recv_hello	48	static
../Middlewares/Third_Party/Cesanta_Network Library/Mongoose/mongoose.c:11865:12:mg_tls_client_recv_ext	24	static
../Middlewares/Third_Party/Cesanta_Network Library/Mongoose/mongoose.c:11890:13:mg_der_debug_cert_name	120	static
../Middlewares/Third_Party/Cesanta_Network Library/Mongoose/mongoose.c:11906:12:mg_tls_parse_cert_der	200	static
../Middlewares/Third_Party/Cesanta_Network Library/Mongoose/mongoose.c:12048:12:mg_tls_verify_cert_san	88	static
../Middlewares/Third_Party/Cesanta_Network Library/Mongoose/mongoose.c:12074:12:mg_tls_verify_cert_signature	384	static
../Middlewares/Third_Party/Cesanta_Network Library/Mongoose/mongoose.c:12122:12:mg_tls_verify_cert_cn	56	static
../Middlewares/Third_Party/Cesanta_Network Library/Mongoose/mongoose.c:12132:12:mg_tls_client_recv_cert	896	static
../Middlewares/Third_Party/Cesanta_Network Library/Mongoose/mongoose.c:12250:12:mg_tls_client_recv_cert_verify	640	static
../Middlewares/Third_Party/Cesanta_Network Library/Mongoose/mongoose.c:12353:12:mg_tls_client_recv_finish	24	static
../Middlewares/Third_Party/Cesanta_Network Library/Mongoose/mongoose.c:12368:13:mg_tls_client_send_finish	216	static
../Middlewares/Third_Party/Cesanta_Network Library/Mongoose/mongoose.c:12379:13:mg_tls_client_handshake	408	static
../Middlewares/Third_Party/Cesanta_Network Library/Mongoose/mongoose.c:12439:13:mg_tls_server_handshake	24	static
../Middlewares/Third_Party/Cesanta_Network Library/Mongoose/mongoose.c:12466:6:mg_tls_handshake	24	static
../Middlewares/Third_Party/Cesanta_Network Library/Mongoose/mongoose.c:12482:12:mg_parse_pem	120	static
../Middlewares/Third_Party/Cesanta_Network Library/Mongoose/mongoose.c:12515:6:mg_tls_init	72	static
../Middlewares/Third_Party/Cesanta_Network Library/Mongoose/mongoose.c:12591:6:mg_tls_free	24	static
../Middlewares/Third_Party/Cesanta_Network Library/Mongoose/mongoose.c:12602:6:mg_tls_send	64	static
../Middlewares/Third_Party/Cesanta_Network Library/Mongoose/mongoose.c:12623:6:mg_tls_recv	40	static
../Middlewares/Third_Party/Cesanta_Network Library/Mongoose/mongoose.c:12651:8:mg_tls_pending	24	static
../Middlewares/Third_Party/Cesanta_Network Library/Mongoose/mongoose.c:12656:6:mg_tls_flush	24	static
../Middlewares/Third_Party/Cesanta_Network Library/Mongoose/mongoose.c:12665:6:mg_tls_ctx_init	16	static
../Middlewares/Third_Party/Cesanta_Network Library/Mongoose/mongoose.c:12669:6:mg_tls_ctx_free	16	static
../Middlewares/Third_Party/Cesanta_Network Library/Mongoose/mongoose.c:12779:13:initialize_state	24	static
../Middlewares/Third_Party/Cesanta_Network Library/Mongoose/mongoose.c:12831:13:core_block	88	static
../Middlewares/Third_Party/Cesanta_Network Library/Mongoose/mongoose.c:12879:13:xor_block	40	static
../Middlewares/Third_Party/Cesanta_Network Library/Mongoose/mongoose.c:12906:13:chacha20_xor_stream	176	static
../Middlewares/Third_Party/Cesanta_Network Library/Mongoose/mongoose.c:12944:13:rfc8439_keygen	152	static
../Middlewares/Third_Party/Cesanta_Network Library/Mongoose/mongoose.c:13384:22:U8TO32	16	static
../Middlewares/Third_Party/Cesanta_Network Library/Mongoose/mongoose.c:13393:13:U32TO8	16	static
../Middlewares/Third_Party/Cesanta_Network Library/Mongoose/mongoose.c:13400:13:poly1305_init	24	static
../Middlewares/Third_Party/Cesanta_Network Library/Mongoose/mongoose.c:13427:13:poly1305_blocks	960	static
../Middlewares/Third_Party/Cesanta_Network Library/Mongoose/mongoose.c:13504:31:poly1305_finish	200	static
../Middlewares/Third_Party/Cesanta_Network Library/Mongoose/mongoose.c:13886:13:poly1305_update	40	static
../Middlewares/Third_Party/Cesanta_Network Library/Mongoose/mongoose.c:13926:32:pad_if_needed	24	static
../Middlewares/Third_Party/Cesanta_Network Library/Mongoose/mongoose.c:13937:32:write_64bit_int	32	static
../Middlewares/Third_Party/Cesanta_Network Library/Mongoose/mongoose.c:13951:32:poly1305_calculate_mac	216	static
../Middlewares/Third_Party/Cesanta_Network Library/Mongoose/mongoose.c:13990:27:mg_chacha20_poly1305_encrypt	48	static
../Middlewares/Third_Party/Cesanta_Network Library/Mongoose/mongoose.c:14005:27:mg_chacha20_poly1305_decrypt	40	static
../Middlewares/Third_Party/Cesanta_Network Library/Mongoose/mongoose.c:14924:21:bi_initialize	16	static
../Middlewares/Third_Party/Cesanta_Network Library/Mongoose/mongoose.c:14943:18:bi_terminate	16	static
../Middlewares/Third_Party/Cesanta_Network Library/Mongoose/mongoose.c:14961:18:bi_clear_cache	24	static
../Middlewares/Third_Party/Cesanta_Network Library/Mongoose/mongoose.c:14982:21:bi_copy	16	static
../Middlewares/Third_Party/Cesanta_Network Library/Mongoose/mongoose.c:14994:18:bi_permanent	16	static
../Middlewares/Third_Party/Cesanta_Network Library/Mongoose/mongoose.c:15010:18:bi_depermanent	16	static
../Middlewares/Third_Party/Cesanta_Network Library/Mongoose/mongoose.c:15029:18:bi_free	16	static
../Middlewares/Third_Party/Cesanta_Network Library/Mongoose/mongoose.c:15059:21:int_to_bi	24	static
../Middlewares/Third_Party/Cesanta_Network Library/Mongoose/mongoose.c:15070:21:bi_clone	24	static
../Middlewares/Third_Party/Cesanta_Network Library/Mongoose/mongoose.c:15084:21:bi_add	56	static
../Middlewares/Third_Party/Cesanta_Network Library/Mongoose/mongoose.c:15121:21:bi_subtract	56	static
../Middlewares/Third_Party/Cesanta_Network Library/Mongoose/mongoose.c:15154:16:bi_int_multiply	112	static
../Middlewares/Third_Party/Cesanta_Network Library/Mongoose/mongoose.c:15188:21:bi_divide	160	static
../Middlewares/Third_Party/Cesanta_Network Library/Mongoose/mongoose.c:15296:16:bi_int_divide	72	static
../Middlewares/Third_Party/Cesanta_Network Library/Mongoose/mongoose.c:15400:21:bi_import	40	static
../Middlewares/Third_Party/Cesanta_Network Library/Mongoose/mongoose.c:15477:18:bi_export	48	static
../Middlewares/Third_Party/Cesanta_Network Library/Mongoose/mongoose.c:15512:18:bi_set_mod	40	static
../Middlewares/Third_Party/Cesanta_Network Library/Mongoose/mongoose.c:15550:6:bi_free_mod	16	static
../Middlewares/Third_Party/Cesanta_Network Library/Mongoose/mongoose.c:15573:16:regular_multiply	128	static
../Middlewares/Third_Party/Cesanta_Network Library/Mongoose/mongoose.c:15676:21:bi_multiply	32	static
../Middlewares/Third_Party/Cesanta_Network Library/Mongoose/mongoose.c:15765:17:bi_compare	32	static
../Middlewares/Third_Party/Cesanta_Network Library/Mongoose/mongoose.c:15801:13:more_comps	24	static
../Middlewares/Third_Party/Cesanta_Network Library/Mongoose/mongoose.c:15822:16:alloc	24	static
../Middlewares/Third_Party/Cesanta_Network Library/Mongoose/mongoose.c:15857:12:find_max_exp_index	32	static
../Middlewares/Third_Party/Cesanta_Network Library/Mongoose/mongoose.c:15879:12:exp_bit_is_one	32	static
../Middlewares/Third_Party/Cesanta_Network Library/Mongoose/mongoose.c:15916:16:trim	16	static
../Middlewares/Third_Party/Cesanta_Network Library/Mongoose/mongoose.c:16057:21:bi_mod_power	56	static
../Middlewares/Third_Party/Cesanta_Network Library/Mongoose/mongoose.c:16189:5:mg_rsa_mod_pow	48	static
../Middlewares/Third_Party/Cesanta_Network Library/Mongoose/mongoose.c:16426:6:mg_uecc_set_rng	16	static
../Middlewares/Third_Party/Cesanta_Network Library/Mongoose/mongoose.c:16430:22:mg_uecc_get_rng	4	static
../Middlewares/Third_Party/Cesanta_Network Library/Mongoose/mongoose.c:16434:5:mg_uecc_curve_private_key_size	16	static
../Middlewares/Third_Party/Cesanta_Network Library/Mongoose/mongoose.c:16438:5:mg_uecc_curve_public_key_size	16	static
../Middlewares/Third_Party/Cesanta_Network Library/Mongoose/mongoose.c:16443:22:mg_uecc_vli_clear	24	static
../Middlewares/Third_Party/Cesanta_Network Library/Mongoose/mongoose.c:16454:32:mg_uecc_vli_isZero	24	static
../Middlewares/Third_Party/Cesanta_Network Library/Mongoose/mongoose.c:16465:32:mg_uecc_vli_testBit	16	static
../Middlewares/Third_Party/Cesanta_Network Library/Mongoose/mongoose.c:16472:20:vli_numDigits	24	static
../Middlewares/Third_Party/Cesanta_Network Library/Mongoose/mongoose.c:16484:28:mg_uecc_vli_numBits	32	static
../Middlewares/Third_Party/Cesanta_Network Library/Mongoose/mongoose.c:16505:22:mg_uecc_vli_set	32	static
../Middlewares/Third_Party/Cesanta_Network Library/Mongoose/mongoose.c:16516:20:mg_uecc_vli_cmp_unsafe	32	static
../Middlewares/Third_Party/Cesanta_Network Library/Mongoose/mongoose.c:16532:32:mg_uecc_vli_equal	32	static
../Middlewares/Third_Party/Cesanta_Network Library/Mongoose/mongoose.c:16549:29:mg_uecc_vli_cmp	64	static
../Middlewares/Third_Party/Cesanta_Network Library/Mongoose/mongoose.c:16560:22:mg_uecc_vli_rshift1	32	static
../Middlewares/Third_Party/Cesanta_Network Library/Mongoose/mongoose.c:16576:32:mg_uecc_vli_add	40	static
../Middlewares/Third_Party/Cesanta_Network Library/Mongoose/mongoose.c:16595:32:mg_uecc_vli_sub	40	static
../Middlewares/Third_Party/Cesanta_Network Library/Mongoose/mongoose.c:16615:13:muladd	96	static
../Middlewares/Third_Party/Cesanta_Network Library/Mongoose/mongoose.c:16654:22:mg_uecc_vli_mult	56	static
../Middlewares/Third_Party/Cesanta_Network Library/Mongoose/mongoose.c:16775:22:mg_uecc_vli_modAdd	32	static
../Middlewares/Third_Party/Cesanta_Network Library/Mongoose/mongoose.c:16791:22:mg_uecc_vli_modSub	32	static
../Middlewares/Third_Party/Cesanta_Network Library/Mongoose/mongoose.c:16806:22:mg_uecc_vli_mmod	192	static
../Middlewares/Third_Party/Cesanta_Network Library/Mongoose/mongoose.c:16852:22:mg_uecc_vli_modMult	88	static
../Middlewares/Third_Party/Cesanta_Network Library/Mongoose/mongoose.c:16862:22:mg_uecc_vli_modMult_fast	88	static
../Middlewares/Third_Party/Cesanta_Network Library/Mongoose/mongoose.c:16912:22:mg_uecc_vli_modSquare_fast	24	static
../Middlewares/Third_Party/Cesanta_Network Library/Mongoose/mongoose.c:16921:13:vli_modInv_update	32	static
../Middlewares/Third_Party/Cesanta_Network Library/Mongoose/mongoose.c:16935:22:mg_uecc_vli_modInv	160	static
../Middlewares/Third_Party/Cesanta_Network Library/Mongoose/mongoose.c:17032:13:double_jacobian_default	104	static
../Middlewares/Third_Party/Cesanta_Network Library/Mongoose/mongoose.c:17081:13:x_side_default	72	static
../Middlewares/Third_Party/Cesanta_Network Library/Mongoose/mongoose.c:17098:13:mod_sqrt_default	88	static
../Middlewares/Third_Party/Cesanta_Network Library/Mongoose/mongoose.c:17863:15:mg_uecc_secp256r1	4	static
../Middlewares/Third_Party/Cesanta_Network Library/Mongoose/mongoose.c:18117:13:vli_mmod_fast_secp256r1	56	static
../Middlewares/Third_Party/Cesanta_Network Library/Mongoose/mongoose.c:18513:13:apply_z	56	static
../Middlewares/Third_Party/Cesanta_Network Library/Mongoose/mongoose.c:18524:13:XYcZ_initial_double	72	static
../Middlewares/Third_Party/Cesanta_Network Library/Mongoose/mongoose.c:18549:13:XYcZ_add	72	static
../Middlewares/Third_Party/Cesanta_Network Library/Mongoose/mongoose.c:18577:13:XYcZ_addC	144	static
../Middlewares/Third_Party/Cesanta_Network Library/Mongoose/mongoose.c:18617:13:EccPoint_mult	208	static
../Middlewares/Third_Party/Cesanta_Network Library/Mongoose/mongoose.c:18661:23:regularize_k	32	static
../Middlewares/Third_Party/Cesanta_Network Library/Mongoose/mongoose.c:18676:21:mg_uecc_generate_random_int	40	static
../Middlewares/Third_Party/Cesanta_Network Library/Mongoose/mongoose.c:18702:23:EccPoint_compute_public_key	112	static
../Middlewares/Third_Party/Cesanta_Network Library/Mongoose/mongoose.c:18750:22:mg_uecc_vli_nativeToBytes	32	static
../Middlewares/Third_Party/Cesanta_Network Library/Mongoose/mongoose.c:18760:22:mg_uecc_vli_bytesToNative	32	static
../Middlewares/Third_Party/Cesanta_Network Library/Mongoose/mongoose.c:18776:5:mg_uecc_make_key	128	static
../Middlewares/Third_Party/Cesanta_Network Library/Mongoose/mongoose.c:18807:5:mg_uecc_shared_secret	192	static
../Middlewares/Third_Party/Cesanta_Network Library/Mongoose/mongoose.c:18854:6:mg_uecc_compress	32	static
../Middlewares/Third_Party/Cesanta_Network Library/Mongoose/mongoose.c:18867:6:mg_uecc_decompress	96	static
../Middlewares/Third_Party/Cesanta_Network Library/Mongoose/mongoose.c:18894:21:mg_uecc_valid_point	88	static
../Middlewares/Third_Party/Cesanta_Network Library/Mongoose/mongoose.c:18918:5:mg_uecc_valid_public_key	80	static
../Middlewares/Third_Party/Cesanta_Network Library/Mongoose/mongoose.c:18933:5:mg_uecc_compute_public_key	120	static
../Middlewares/Third_Party/Cesanta_Network Library/Mongoose/mongoose.c:18973:13:bits2int	48	static
../Middlewares/Third_Party/Cesanta_Network Library/Mongoose/mongoose.c:19010:12:mg_uecc_sign_with_k_internal	192	static
../Middlewares/Third_Party/Cesanta_Network Library/Mongoose/mongoose.c:19107:5:mg_uecc_sign	72	static
../Middlewares/Third_Party/Cesanta_Network Library/Mongoose/mongoose.c:19128:13:HMAC_init	24	static
../Middlewares/Third_Party/Cesanta_Network Library/Mongoose/mongoose.c:19139:13:HMAC_update	24	static
../Middlewares/Third_Party/Cesanta_Network Library/Mongoose/mongoose.c:19144:13:HMAC_finish	32	static
../Middlewares/Third_Party/Cesanta_Network Library/Mongoose/mongoose.c:19160:13:update_V	24	static
../Middlewares/Third_Party/Cesanta_Network Library/Mongoose/mongoose.c:19175:5:mg_uecc_sign_deterministic	96	static
../Middlewares/Third_Party/Cesanta_Network Library/Mongoose/mongoose.c:19248:19:smax	16	static
../Middlewares/Third_Party/Cesanta_Network Library/Mongoose/mongoose.c:19252:5:mg_uecc_verify	520	static
../Middlewares/Third_Party/Cesanta_Network Library/Mongoose/mongoose.c:19460:15:umaal	88	static
../Middlewares/Third_Party/Cesanta_Network Library/Mongoose/mongoose.c:19467:15:adc	72	static
../Middlewares/Third_Party/Cesanta_Network Library/Mongoose/mongoose.c:19473:15:adc0	40	static
../Middlewares/Third_Party/Cesanta_Network Library/Mongoose/mongoose.c:19483:13:propagate	32	static
../Middlewares/Third_Party/Cesanta_Network Library/Mongoose/mongoose.c:19495:13:add	40	static
../Middlewares/Third_Party/Cesanta_Network Library/Mongoose/mongoose.c:19504:13:sub	72	static
../Middlewares/Third_Party/Cesanta_Network Library/Mongoose/mongoose.c:19517:13:mul	120	static
../Middlewares/Third_Party/Cesanta_Network Library/Mongoose/mongoose.c:19540:13:sqr	16	static
../Middlewares/Third_Party/Cesanta_Network Library/Mongoose/mongoose.c:19543:13:mul1	16	static
../Middlewares/Third_Party/Cesanta_Network Library/Mongoose/mongoose.c:19546:13:sqr1	16	static
../Middlewares/Third_Party/Cesanta_Network Library/Mongoose/mongoose.c:19550:13:condswap	32	static
../Middlewares/Third_Party/Cesanta_Network Library/Mongoose/mongoose.c:19563:15:canon	80	static
../Middlewares/Third_Party/Cesanta_Network Library/Mongoose/mongoose.c:19594:13:ladder_part1	40	static
../Middlewares/Third_Party/Cesanta_Network Library/Mongoose/mongoose.c:19611:13:ladder_part2	40	static
../Middlewares/Third_Party/Cesanta_Network Library/Mongoose/mongoose.c:19621:13:x25519_core	88	static
../Middlewares/Third_Party/Cesanta_Network Library/Mongoose/mongoose.c:19655:5:mg_tls_x25519	256	static
../Middlewares/Third_Party/Cesanta_Network Library/Mongoose/mongoose.c:19709:5:mg_url_is_ssl	16	static
../Middlewares/Third_Party/Cesanta_Network Library/Mongoose/mongoose.c:19715:19:urlparse	56	static
../Middlewares/Third_Party/Cesanta_Network Library/Mongoose/mongoose.c:19743:15:mg_url_host	56	static
../Middlewares/Third_Party/Cesanta_Network Library/Mongoose/mongoose.c:19752:13:mg_url_uri	48	static
../Middlewares/Third_Party/Cesanta_Network Library/Mongoose/mongoose.c:19757:16:mg_url_port	48	static
../Middlewares/Third_Party/Cesanta_Network Library/Mongoose/mongoose.c:19769:15:mg_url_user	64	static
../Middlewares/Third_Party/Cesanta_Network Library/Mongoose/mongoose.c:19779:15:mg_url_pass	64	static
../Middlewares/Third_Party/Cesanta_Network Library/Mongoose/mongoose.c:19797:6:mg_bzero	16	static
../Middlewares/Third_Party/Cesanta_Network Library/Mongoose/mongoose.c:19805:6:mg_random	24	static
../Middlewares/Third_Party/Cesanta_Network Library/Mongoose/mongoose.c:19861:7:mg_random_str	24	static
../Middlewares/Third_Party/Cesanta_Network Library/Mongoose/mongoose.c:19874:10:mg_crc32	32	static
../Middlewares/Third_Party/Cesanta_Network Library/Mongoose/mongoose.c:19889:12:isbyte	16	static
../Middlewares/Third_Party/Cesanta_Network Library/Mongoose/mongoose.c:19893:12:parse_net	72	static
../Middlewares/Third_Party/Cesanta_Network Library/Mongoose/mongoose.c:19907:5:mg_check_ip_acl	56	static
../Middlewares/Third_Party/Cesanta_Network Library/Mongoose/mongoose.c:19925:6:mg_path_is_sane	24	static
../Middlewares/Third_Party/Cesanta_Network Library/Mongoose/mongoose.c:19940:10:mg_millis	16	static
../Middlewares/Third_Party/Cesanta_Network Library/Mongoose/mongoose.c:19990:10:mg_ntohs	16	static
../Middlewares/Third_Party/Cesanta_Network Library/Mongoose/mongoose.c:19994:10:mg_ntohl	16	static
../Middlewares/Third_Party/Cesanta_Network Library/Mongoose/mongoose.c:19998:6:mg_delayms	48	static
../Middlewares/Third_Party/Cesanta_Network Library/Mongoose/mongoose.c:20025:6:mg_wifi_scan	8	static
../Middlewares/Third_Party/Cesanta_Network Library/Mongoose/mongoose.c:20030:6:mg_wifi_connect	16	static
../Middlewares/Third_Party/Cesanta_Network Library/Mongoose/mongoose.c:20036:6:mg_wifi_disconnect	8	static
../Middlewares/Third_Party/Cesanta_Network Library/Mongoose/mongoose.c:20040:6:mg_wifi_ap_start	24	static
../Middlewares/Third_Party/Cesanta_Network Library/Mongoose/mongoose.c:20047:6:mg_wifi_ap_stop	8	static
../Middlewares/Third_Party/Cesanta_Network Library/Mongoose/mongoose.c:20073:8:mg_ws_vprintf	32	static
../Middlewares/Third_Party/Cesanta_Network Library/Mongoose/mongoose.c:20081:8:mg_ws_printf	24	static
../Middlewares/Third_Party/Cesanta_Network Library/Mongoose/mongoose.c:20090:13:ws_handshake	176	static
../Middlewares/Third_Party/Cesanta_Network Library/Mongoose/mongoose.c:20116:17:be32	16	static
../Middlewares/Third_Party/Cesanta_Network Library/Mongoose/mongoose.c:20121:15:ws_process	56	static
../Middlewares/Third_Party/Cesanta_Network Library/Mongoose/mongoose.c:20151:15:mkhdr	48	static
../Middlewares/Third_Party/Cesanta_Network Library/Mongoose/mongoose.c:20179:13:mg_ws_mask	32	static
../Middlewares/Third_Party/Cesanta_Network Library/Mongoose/mongoose.c:20187:8:mg_ws_send	48	static
../Middlewares/Third_Party/Cesanta_Network Library/Mongoose/mongoose.c:20198:13:mg_ws_client_handshake	560	static
../Middlewares/Third_Party/Cesanta_Network Library/Mongoose/mongoose.c:20221:13:mg_ws_cb	72	static
../Middlewares/Third_Party/Cesanta_Network Library/Mongoose/mongoose.c:20292:23:mg_ws_connect	112	static
../Middlewares/Third_Party/Cesanta_Network Library/Mongoose/mongoose.c:20322:6:mg_ws_upgrade	40	static
../Middlewares/Third_Party/Cesanta_Network Library/Mongoose/mongoose.c:20342:8:mg_ws_wrap	48	static
../Middlewares/Third_Party/Cesanta_Network Library/Mongoose/mongoose.c:22142:20:mg_phy_id_to_str	16	static
../Middlewares/Third_Party/Cesanta_Network Library/Mongoose/mongoose.c:22169:6:mg_phy_init	32	static
../Middlewares/Third_Party/Cesanta_Network Library/Mongoose/mongoose.c:22220:6:mg_phy_up	48	static
